// Vitest Snapshot v1, https://vitest.dev/guide/snapshot.html

exports[`components/common/Paragraph > should render correctly 1`] = `
.c0 {
  font-family: Open Sans,Arial,sans-serif;
  color: #222;
  font-size: 14px;
  line-height: 20px;
}

<div>
  <p
    class="c0"
  >
    CONTENT
  </p>
</div>
`;
